+--------------------------------------+
| GEMM_1 ASCII Visualization           |
+--------------------------------------+
| shape      : M=128 N=128 K=16        |
| blockIdx    : (0, 0)                 |
| threadIdx   : (0, 0)                 |
| tid         : 0                      |
| block size  : (16, 16) = 256 threads |
| block tile  : C[0:128, 0:128]        |
| thread tile : C[0:8, 0:8]            |
+--------------------------------------+

ASCII map: each cell is one 8x8 output patch, labeled by tid
     c00 c01 c02 c03 c04 c05 c06 c07 c08 c09 c10 c11 c12 c13 c14 c15
     --------------------------------------------------------------------------------
r00 |[000]| 001 | 002 | 003 | 004 | 005 | 006 | 007 | 008 | 009 | 010 | 011 | 012 | 013 | 014 | 015 |
r01 | 016 | 017 | 018 | 019 | 020 | 021 | 022 | 023 | 024 | 025 | 026 | 027 | 028 | 029 | 030 | 031 |
r02 | 032 | 033 | 034 | 035 | 036 | 037 | 038 | 039 | 040 | 041 | 042 | 043 | 044 | 045 | 046 | 047 |
r03 | 048 | 049 | 050 | 051 | 052 | 053 | 054 | 055 | 056 | 057 | 058 | 059 | 060 | 061 | 062 | 063 |
r04 | 064 | 065 | 066 | 067 | 068 | 069 | 070 | 071 | 072 | 073 | 074 | 075 | 076 | 077 | 078 | 079 |
r05 | 080 | 081 | 082 | 083 | 084 | 085 | 086 | 087 | 088 | 089 | 090 | 091 | 092 | 093 | 094 | 095 |
r06 | 096 | 097 | 098 | 099 | 100 | 101 | 102 | 103 | 104 | 105 | 106 | 107 | 108 | 109 | 110 | 111 |
r07 | 112 | 113 | 114 | 115 | 116 | 117 | 118 | 119 | 120 | 121 | 122 | 123 | 124 | 125 | 126 | 127 |
r08 | 128 | 129 | 130 | 131 | 132 | 133 | 134 | 135 | 136 | 137 | 138 | 139 | 140 | 141 | 142 | 143 |
r09 | 144 | 145 | 146 | 147 | 148 | 149 | 150 | 151 | 152 | 153 | 154 | 155 | 156 | 157 | 158 | 159 |
r10 | 160 | 161 | 162 | 163 | 164 | 165 | 166 | 167 | 168 | 169 | 170 | 171 | 172 | 173 | 174 | 175 |
r11 | 176 | 177 | 178 | 179 | 180 | 181 | 182 | 183 | 184 | 185 | 186 | 187 | 188 | 189 | 190 | 191 |
r12 | 192 | 193 | 194 | 195 | 196 | 197 | 198 | 199 | 200 | 201 | 202 | 203 | 204 | 205 | 206 | 207 |
r13 | 208 | 209 | 210 | 211 | 212 | 213 | 214 | 215 | 216 | 217 | 218 | 219 | 220 | 221 | 222 | 223 |
r14 | 224 | 225 | 226 | 227 | 228 | 229 | 230 | 231 | 232 | 233 | 234 | 235 | 236 | 237 | 238 | 239 |
r15 | 240 | 241 | 242 | 243 | 244 | 245 | 246 | 247 | 248 | 249 | 250 | 251 | 252 | 253 | 254 | 255 |

+--------------------------------------------------------------------------+
| K tile starting at k=0                                                   |
+--------------------------------------------------------------------------+
| A load : A[0, 0:4] -> s_a[0, 0:4]                                        |
| B load : B[0, 0:4] -> s_b[0, 0:4]                                        |
| compute : this thread accumulates an 8x8 block starting at local C[0, 0] |
+--------------------------------------------------------------------------+

s_a local ASCII window
      k00 k01 k02 k03
      ------------------------
r000 |[   0]|[   1]|[   2]|[   3]|
r001 |  100 |  101 |  102 |  103 |
r002 |  200 |  201 |  202 |  203 |
selected thread writes the bracketed cells

s_b local ASCII window
      n000 n001 n002 n003 n004 n005 n006 n007 n008 n009 n010 n011
      ------------------------------------------------------------------------------------
k00 |[    0]|[    1]|[    2]|[    3]|     4 |     5 |     6 |     7 |     8 |     9 |    10 |    11 |
selected thread writes the bracketed cells

+------------------------------------+
| kk=0  actual_k=0                   |
+------------------------------------+
| example: c[0,0] += 0 * 0 -> 0      |
| example: c[7,7] += 700 * 7 -> 4900 |
+------------------------------------+
A values used by this thread for kk
+--------+--------+--------+--------+
|      0 |    100 |    200 |    300 |
+--------+--------+--------+--------+
B values used by this thread for kk
+--------+--------+--------+--------+
|      0 |      1 |      2 |      3 |
+--------+--------+--------+--------+
remaining A values:    400    500    600    700
remaining B values:      4      5      6      7

+-----------------------------------------+
| kk=1  actual_k=1                        |
+-----------------------------------------+
| example: c[0,0] += 1 * 1000 -> 1000     |
| example: c[7,7] += 701 * 1007 -> 710807 |
+-----------------------------------------+
A values used by this thread for kk
+--------+--------+--------+--------+
|      1 |    101 |    201 |    301 |
+--------+--------+--------+--------+
B values used by this thread for kk
+--------+--------+--------+--------+
|   1000 |   1001 |   1002 |   1003 |
+--------+--------+--------+--------+
remaining A values:    401    501    601    701
remaining B values:   1004   1005   1006   1007

+------------------------------------------+
| kk=2  actual_k=2                         |
+------------------------------------------+
| example: c[0,0] += 2 * 2000 -> 5000      |
| example: c[7,7] += 702 * 2007 -> 2119721 |
+------------------------------------------+
A values used by this thread for kk
+--------+--------+--------+--------+
|      2 |    102 |    202 |    302 |
+--------+--------+--------+--------+
B values used by this thread for kk
+--------+--------+--------+--------+
|   2000 |   2001 |   2002 |   2003 |
+--------+--------+--------+--------+
remaining A values:    402    502    602    702
remaining B values:   2004   2005   2006   2007

+------------------------------------------+
| kk=3  actual_k=3                         |
+------------------------------------------+
| example: c[0,0] += 3 * 3000 -> 14000     |
| example: c[7,7] += 703 * 3007 -> 4233642 |
+------------------------------------------+
A values used by this thread for kk
+--------+--------+--------+--------+
|      3 |    103 |    203 |    303 |
+--------+--------+--------+--------+
B values used by this thread for kk
+--------+--------+--------+--------+
|   3000 |   3001 |   3002 |   3003 |
+--------+--------+--------+--------+
remaining A values:    403    503    603    703
remaining B values:   3004   3005   3006   3007

+------------------------------------------+
| kk=4  actual_k=4                         |
+------------------------------------------+
| example: c[0,0] += 4 * 4000 -> 30000     |
| example: c[7,7] += 704 * 4007 -> 7054570 |
+------------------------------------------+
A values used by this thread for kk
+--------+--------+--------+--------+
|      4 |    104 |    204 |    304 |
+--------+--------+--------+--------+
B values used by this thread for kk
+--------+--------+--------+--------+
|   4000 |   4001 |   4002 |   4003 |
+--------+--------+--------+--------+
remaining A values:    404    504    604    704
remaining B values:   4004   4005   4006   4007

+-------------------------------------------+
| kk=5  actual_k=5                          |
+-------------------------------------------+
| example: c[0,0] += 5 * 5000 -> 55000      |
| example: c[7,7] += 705 * 5007 -> 10584505 |
+-------------------------------------------+
A values used by this thread for kk
+--------+--------+--------+--------+
|      5 |    105 |    205 |    305 |
+--------+--------+--------+--------+
B values used by this thread for kk
+--------+--------+--------+--------+
|   5000 |   5001 |   5002 |   5003 |
+--------+--------+--------+--------+
remaining A values:    405    505    605    705
remaining B values:   5004   5005   5006   5007

+-------------------------------------------+
| kk=6  actual_k=6                          |
+-------------------------------------------+
| example: c[0,0] += 6 * 6000 -> 91000      |
| example: c[7,7] += 706 * 6007 -> 14825447 |
+-------------------------------------------+
A values used by this thread for kk
+--------+--------+--------+--------+
|      6 |    106 |    206 |    306 |
+--------+--------+--------+--------+
B values used by this thread for kk
+--------+--------+--------+--------+
|   6000 |   6001 |   6002 |   6003 |
+--------+--------+--------+--------+
remaining A values:    406    506    606    706
remaining B values:   6004   6005   6006   6007

+-------------------------------------------+
| kk=7  actual_k=7                          |
+-------------------------------------------+
| example: c[0,0] += 7 * 7000 -> 140000     |
| example: c[7,7] += 707 * 7007 -> 19779396 |
+-------------------------------------------+
A values used by this thread for kk
+--------+--------+--------+--------+
|      7 |    107 |    207 |    307 |
+--------+--------+--------+--------+
B values used by this thread for kk
+--------+--------+--------+--------+
|   7000 |   7001 |   7002 |   7003 |
+--------+--------+--------+--------+
remaining A values:    407    507    607    707
remaining B values:   7004   7005   7006   7007

8x8 register accumulator tile
      c0 c1 c2 c3 c4 c5 c6 c7
      ------------------------------------------------------------------------------------------------
r0 |    140000|    140028|    140056|    140084|    140112|    140140|    140168|    140196|
r1 |   2940000|   2940828|   2941656|   2942484|   2943312|   2944140|   2944968|   2945796|
r2 |   5740000|   5741628|   5743256|   5744884|   5746512|   5748140|   5749768|   5751396|
r3 |   8540000|   8542428|   8544856|   8547284|   8549712|   8552140|   8554568|   8556996|
r4 |  11340000|  11343228|  11346456|  11349684|  11352912|  11356140|  11359368|  11362596|
r5 |  14140000|  14144028|  14148056|  14152084|  14156112|  14160140|  14164168|  14168196|
r6 |  16940000|  16944828|  16949656|  16954484|  16959312|  16964140|  16968968|  16973796|
r7 |  19740000|  19745628|  19751256|  19756884|  19762512|  19768140|  19773768|  19779396|

+--------------------------------------------------------------------------+
| K tile starting at k=8                                                   |
+--------------------------------------------------------------------------+
| A load : A[0, 8:12] -> s_a[0, 0:4]                                       |
| B load : B[8, 0:4] -> s_b[0, 0:4]                                        |
| compute : this thread accumulates an 8x8 block starting at local C[0, 0] |
+--------------------------------------------------------------------------+

s_a local ASCII window
      k00 k01 k02 k03
      ------------------------
r000 |[   8]|[   9]|[  10]|[  11]|
r001 |  108 |  109 |  110 |  111 |
r002 |  208 |  209 |  210 |  211 |
selected thread writes the bracketed cells

s_b local ASCII window
      n000 n001 n002 n003 n004 n005 n006 n007 n008 n009 n010 n011
      ------------------------------------------------------------------------------------
k00 |[ 8000]|[ 8001]|[ 8002]|[ 8003]|  8004 |  8005 |  8006 |  8007 |  8008 |  8009 |  8010 |  8011 |
selected thread writes the bracketed cells

+------------------------------------------+
| kk=0  actual_k=8                         |
+------------------------------------------+
| example: c[0,0] += 8 * 8000 -> 64000     |
| example: c[7,7] += 708 * 8007 -> 5668956 |
+------------------------------------------+
A values used by this thread for kk
+--------+--------+--------+--------+
|      8 |    108 |    208 |    308 |
+--------+--------+--------+--------+
B values used by this thread for kk
+--------+--------+--------+--------+
|   8000 |   8001 |   8002 |   8003 |
+--------+--------+--------+--------+
remaining A values:    408    508    608    708
remaining B values:   8004   8005   8006   8007

+-------------------------------------------+
| kk=1  actual_k=9                          |
+-------------------------------------------+
| example: c[0,0] += 9 * 9000 -> 145000     |
| example: c[7,7] += 709 * 9007 -> 12054919 |
+-------------------------------------------+
A values used by this thread for kk
+--------+--------+--------+--------+
|      9 |    109 |    209 |    309 |
+--------+--------+--------+--------+
B values used by this thread for kk
+--------+--------+--------+--------+
|   9000 |   9001 |   9002 |   9003 |
+--------+--------+--------+--------+
remaining A values:    409    509    609    709
remaining B values:   9004   9005   9006   9007

+--------------------------------------------+
| kk=2  actual_k=10                          |
+--------------------------------------------+
| example: c[0,0] += 10 * 10000 -> 245000    |
| example: c[7,7] += 710 * 10007 -> 19159889 |
+--------------------------------------------+
A values used by this thread for kk
+--------+--------+--------+--------+
|     10 |    110 |    210 |    310 |
+--------+--------+--------+--------+
B values used by this thread for kk
+--------+--------+--------+--------+
|  10000 |  10001 |  10002 |  10003 |
+--------+--------+--------+--------+
remaining A values:    410    510    610    710
remaining B values:  10004  10005  10006  10007

+--------------------------------------------+
| kk=3  actual_k=11                          |
+--------------------------------------------+
| example: c[0,0] += 11 * 11000 -> 366000    |
| example: c[7,7] += 711 * 11007 -> 26985866 |
+--------------------------------------------+
A values used by this thread for kk
+--------+--------+--------+--------+
|     11 |    111 |    211 |    311 |
+--------+--------+--------+--------+
B values used by this thread for kk
+--------+--------+--------+--------+
|  11000 |  11001 |  11002 |  11003 |
+--------+--------+--------+--------+
remaining A values:    411    511    611    711
remaining B values:  11004  11005  11006  11007

+--------------------------------------------+
| kk=4  actual_k=12                          |
+--------------------------------------------+
| example: c[0,0] += 12 * 12000 -> 510000    |
| example: c[7,7] += 712 * 12007 -> 35534850 |
+--------------------------------------------+
A values used by this thread for kk
+--------+--------+--------+--------+
|     12 |    112 |    212 |    312 |
+--------+--------+--------+--------+
B values used by this thread for kk
+--------+--------+--------+--------+
|  12000 |  12001 |  12002 |  12003 |
+--------+--------+--------+--------+
remaining A values:    412    512    612    712
remaining B values:  12004  12005  12006  12007

+--------------------------------------------+
| kk=5  actual_k=13                          |
+--------------------------------------------+
| example: c[0,0] += 13 * 13000 -> 679000    |
| example: c[7,7] += 713 * 13007 -> 44808841 |
+--------------------------------------------+
A values used by this thread for kk
+--------+--------+--------+--------+
|     13 |    113 |    213 |    313 |
+--------+--------+--------+--------+
B values used by this thread for kk
+--------+--------+--------+--------+
|  13000 |  13001 |  13002 |  13003 |
+--------+--------+--------+--------+
remaining A values:    413    513    613    713
remaining B values:  13004  13005  13006  13007

+--------------------------------------------+
| kk=6  actual_k=14                          |
+--------------------------------------------+
| example: c[0,0] += 14 * 14000 -> 875000    |
| example: c[7,7] += 714 * 14007 -> 54809839 |
+--------------------------------------------+
A values used by this thread for kk
+--------+--------+--------+--------+
|     14 |    114 |    214 |    314 |
+--------+--------+--------+--------+
B values used by this thread for kk
+--------+--------+--------+--------+
|  14000 |  14001 |  14002 |  14003 |
+--------+--------+--------+--------+
remaining A values:    414    514    614    714
remaining B values:  14004  14005  14006  14007

+--------------------------------------------+
| kk=7  actual_k=15                          |
+--------------------------------------------+
| example: c[0,0] += 15 * 15000 -> 1100000   |
| example: c[7,7] += 715 * 15007 -> 65539844 |
+--------------------------------------------+
A values used by this thread for kk
+--------+--------+--------+--------+
|     15 |    115 |    215 |    315 |
+--------+--------+--------+--------+
B values used by this thread for kk
+--------+--------+--------+--------+
|  15000 |  15001 |  15002 |  15003 |
+--------+--------+--------+--------+
remaining A values:    415    515    615    715
remaining B values:  15004  15005  15006  15007

8x8 register accumulator tile
      c0 c1 c2 c3 c4 c5 c6 c7
      ------------------------------------------------------------------------------------------------
r0 |   1100000|   1100092|   1100184|   1100276|   1100368|   1100460|   1100552|   1100644|
r1 |  10300000|  10300892|  10301784|  10302676|  10303568|  10304460|  10305352|  10306244|
r2 |  19500000|  19501692|  19503384|  19505076|  19506768|  19508460|  19510152|  19511844|
r3 |  28700000|  28702492|  28704984|  28707476|  28709968|  28712460|  28714952|  28717444|
r4 |  37900000|  37903292|  37906584|  37909876|  37913168|  37916460|  37919752|  37923044|
r5 |  47100000|  47104092|  47108184|  47112276|  47116368|  47120460|  47124552|  47128644|
r6 |  56300000|  56304892|  56309784|  56314676|  56319568|  56324460|  56329352|  56334244|
r7 |  65500000|  65505692|  65511384|  65517076|  65522768|  65528460|  65534152|  65539844|

Final global store ASCII map for selected thread
      left float4                right float4
+----+------------------------+------------------------+
| r0 | C[  0,  0:  4]        | C[  0,  4:  8]        |
| r1 | C[  1,  0:  4]        | C[  1,  4:  8]        |
| r2 | C[  2,  0:  4]        | C[  2,  4:  8]        |
| r3 | C[  3,  0:  4]        | C[  3,  4:  8]        |
| r4 | C[  4,  0:  4]        | C[  4,  4:  8]        |
| r5 | C[  5,  0:  4]        | C[  5,  4:  8]        |
| r6 | C[  6,  0:  4]        | C[  6,  4:  8]        |
| r7 | C[  7,  0:  4]        | C[  7,  4:  8]        |
+----+------------------------+------------------------+

