+-------------------------------------------------------------+
| GEMM_2 ASCII Visualization                                  |
+-------------------------------------------------------------+
| shape      : M=128 N=128 K=16                               |
| blockIdx    : (0, 0)                                        |
| threadIdx   : (0, 0)                                        |
| tid         : 0                                             |
| warp/lane   : warp 0, lane 0                                |
| block tile  : C[0:128, 0:128]                               |
| thread tile : C[0:8, 0:8]                                   |
| note        : logical index trace, not hardware cycle trace |
+-------------------------------------------------------------+

ASCII map: each cell is one 8x8 patch of C, labeled by owner tid
     c00 c01 c02 c03 c04 c05 c06 c07 c08 c09 c10 c11 c12 c13 c14 c15
     --------------------------------------------------------------------------------
r00 |[000]| 004 | 008 | 012 | 016 | 020 | 024 | 028 | 032 | 036 | 040 | 044 | 048 | 052 | 056 | 060 |
r01 | 001 | 005 | 009 | 013 | 017 | 021 | 025 | 029 | 033 | 037 | 041 | 045 | 049 | 053 | 057 | 061 |
r02 | 002 | 006 | 010 | 014 | 018 | 022 | 026 | 030 | 034 | 038 | 042 | 046 | 050 | 054 | 058 | 062 |
r03 | 003 | 007 | 011 | 015 | 019 | 023 | 027 | 031 | 035 | 039 | 043 | 047 | 051 | 055 | 059 | 063 |
r04 | 064 | 068 | 072 | 076 | 080 | 084 | 088 | 092 | 096 | 100 | 104 | 108 | 112 | 116 | 120 | 124 |
r05 | 065 | 069 | 073 | 077 | 081 | 085 | 089 | 093 | 097 | 101 | 105 | 109 | 113 | 117 | 121 | 125 |
r06 | 066 | 070 | 074 | 078 | 082 | 086 | 090 | 094 | 098 | 102 | 106 | 110 | 114 | 118 | 122 | 126 |
r07 | 067 | 071 | 075 | 079 | 083 | 087 | 091 | 095 | 099 | 103 | 107 | 111 | 115 | 119 | 123 | 127 |
r08 | 128 | 132 | 136 | 140 | 144 | 148 | 152 | 156 | 160 | 164 | 168 | 172 | 176 | 180 | 184 | 188 |
r09 | 129 | 133 | 137 | 141 | 145 | 149 | 153 | 157 | 161 | 165 | 169 | 173 | 177 | 181 | 185 | 189 |
r10 | 130 | 134 | 138 | 142 | 146 | 150 | 154 | 158 | 162 | 166 | 170 | 174 | 178 | 182 | 186 | 190 |
r11 | 131 | 135 | 139 | 143 | 147 | 151 | 155 | 159 | 163 | 167 | 171 | 175 | 179 | 183 | 187 | 191 |
r12 | 192 | 196 | 200 | 204 | 208 | 212 | 216 | 220 | 224 | 228 | 232 | 236 | 240 | 244 | 248 | 252 |
r13 | 193 | 197 | 201 | 205 | 209 | 213 | 217 | 221 | 225 | 229 | 233 | 237 | 241 | 245 | 249 | 253 |
r14 | 194 | 198 | 202 | 206 | 210 | 214 | 218 | 222 | 226 | 230 | 234 | 238 | 242 | 246 | 250 | 254 |
r15 | 195 | 199 | 203 | 207 | 211 | 215 | 219 | 223 | 227 | 231 | 235 | 239 | 243 | 247 | 251 | 255 |

ASCII map: warp 0 ownership inside the 128x128 block tile
Each cell shows laneXX. Dots mean this 8x8 patch belongs to another warp.
     c00 c01 c02 c03 c04 c05 c06 c07 c08 c09 c10 c11 c12 c13 c14 c15
     ----------------------------------------------------------------------------------------------------------------
r00 |[L00]| L04 | L08 | L12 | L16 | L20 | L24 | L28 |  ..  |  ..  |  ..  |  ..  |  ..  |  ..  |  ..  |  ..  |
r01 | L01 | L05 | L09 | L13 | L17 | L21 | L25 | L29 |  ..  |  ..  |  ..  |  ..  |  ..  |  ..  |  ..  |  ..  |
r02 | L02 | L06 | L10 | L14 | L18 | L22 | L26 | L30 |  ..  |  ..  |  ..  |  ..  |  ..  |  ..  |  ..  |  ..  |
r03 | L03 | L07 | L11 | L15 | L19 | L23 | L27 | L31 |  ..  |  ..  |  ..  |  ..  |  ..  |  ..  |  ..  |  ..  |
r04 |  ..  |  ..  |  ..  |  ..  |  ..  |  ..  |  ..  |  ..  |  ..  |  ..  |  ..  |  ..  |  ..  |  ..  |  ..  |  ..  |
r05 |  ..  |  ..  |  ..  |  ..  |  ..  |  ..  |  ..  |  ..  |  ..  |  ..  |  ..  |  ..  |  ..  |  ..  |  ..  |  ..  |
r06 |  ..  |  ..  |  ..  |  ..  |  ..  |  ..  |  ..  |  ..  |  ..  |  ..  |  ..  |  ..  |  ..  |  ..  |  ..  |  ..  |
r07 |  ..  |  ..  |  ..  |  ..  |  ..  |  ..  |  ..  |  ..  |  ..  |  ..  |  ..  |  ..  |  ..  |  ..  |  ..  |  ..  |
r08 |  ..  |  ..  |  ..  |  ..  |  ..  |  ..  |  ..  |  ..  |  ..  |  ..  |  ..  |  ..  |  ..  |  ..  |  ..  |  ..  |
r09 |  ..  |  ..  |  ..  |  ..  |  ..  |  ..  |  ..  |  ..  |  ..  |  ..  |  ..  |  ..  |  ..  |  ..  |  ..  |  ..  |
r10 |  ..  |  ..  |  ..  |  ..  |  ..  |  ..  |  ..  |  ..  |  ..  |  ..  |  ..  |  ..  |  ..  |  ..  |  ..  |  ..  |
r11 |  ..  |  ..  |  ..  |  ..  |  ..  |  ..  |  ..  |  ..  |  ..  |  ..  |  ..  |  ..  |  ..  |  ..  |  ..  |  ..  |
r12 |  ..  |  ..  |  ..  |  ..  |  ..  |  ..  |  ..  |  ..  |  ..  |  ..  |  ..  |  ..  |  ..  |  ..  |  ..  |  ..  |
r13 |  ..  |  ..  |  ..  |  ..  |  ..  |  ..  |  ..  |  ..  |  ..  |  ..  |  ..  |  ..  |  ..  |  ..  |  ..  |  ..  |
r14 |  ..  |  ..  |  ..  |  ..  |  ..  |  ..  |  ..  |  ..  |  ..  |  ..  |  ..  |  ..  |  ..  |  ..  |  ..  |  ..  |
r15 |  ..  |  ..  |  ..  |  ..  |  ..  |  ..  |  ..  |  ..  |  ..  |  ..  |  ..  |  ..  |  ..  |  ..  |  ..  |  ..  |

Warp member list
+------+-----------+-------------+-------------+----------------+
| lane | threadIdx  | A load      | B load      | C patch start  |
+------+-----------+-------------+-------------+----------------+
| *00  | ( 0, 0)    | A[  0,0:4] | B[0,  0:  4] | (  0,  0)         |
|  01  | ( 1, 0)    | A[  0,4:8] | B[0,  4:  8] | (  8,  0)         |
|  02  | ( 2, 0)    | A[  1,0:4] | B[0,  8: 12] | ( 16,  0)         |
|  03  | ( 3, 0)    | A[  1,4:8] | B[0, 12: 16] | ( 24,  0)         |
|  04  | ( 4, 0)    | A[  2,0:4] | B[0, 16: 20] | (  0,  8)         |
|  05  | ( 5, 0)    | A[  2,4:8] | B[0, 20: 24] | (  8,  8)         |
|  06  | ( 6, 0)    | A[  3,0:4] | B[0, 24: 28] | ( 16,  8)         |
|  07  | ( 7, 0)    | A[  3,4:8] | B[0, 28: 32] | ( 24,  8)         |
|  08  | ( 8, 0)    | A[  4,0:4] | B[0, 32: 36] | (  0, 16)         |
|  09  | ( 9, 0)    | A[  4,4:8] | B[0, 36: 40] | (  8, 16)         |
|  10  | (10, 0)    | A[  5,0:4] | B[0, 40: 44] | ( 16, 16)         |
|  11  | (11, 0)    | A[  5,4:8] | B[0, 44: 48] | ( 24, 16)         |
|  12  | (12, 0)    | A[  6,0:4] | B[0, 48: 52] | (  0, 24)         |
|  13  | (13, 0)    | A[  6,4:8] | B[0, 52: 56] | (  8, 24)         |
|  14  | (14, 0)    | A[  7,0:4] | B[0, 56: 60] | ( 16, 24)         |
|  15  | (15, 0)    | A[  7,4:8] | B[0, 60: 64] | ( 24, 24)         |
|  16  | ( 0, 1)    | A[  8,0:4] | B[0, 64: 68] | (  0, 32)         |
|  17  | ( 1, 1)    | A[  8,4:8] | B[0, 68: 72] | (  8, 32)         |
|  18  | ( 2, 1)    | A[  9,0:4] | B[0, 72: 76] | ( 16, 32)         |
|  19  | ( 3, 1)    | A[  9,4:8] | B[0, 76: 80] | ( 24, 32)         |
|  20  | ( 4, 1)    | A[ 10,0:4] | B[0, 80: 84] | (  0, 40)         |
|  21  | ( 5, 1)    | A[ 10,4:8] | B[0, 84: 88] | (  8, 40)         |
|  22  | ( 6, 1)    | A[ 11,0:4] | B[0, 88: 92] | ( 16, 40)         |
|  23  | ( 7, 1)    | A[ 11,4:8] | B[0, 92: 96] | ( 24, 40)         |
|  24  | ( 8, 1)    | A[ 12,0:4] | B[0, 96:100] | (  0, 48)         |
|  25  | ( 9, 1)    | A[ 12,4:8] | B[0,100:104] | (  8, 48)         |
|  26  | (10, 1)    | A[ 13,0:4] | B[0,104:108] | ( 16, 48)         |
|  27  | (11, 1)    | A[ 13,4:8] | B[0,108:112] | ( 24, 48)         |
|  28  | (12, 1)    | A[ 14,0:4] | B[0,112:116] | (  0, 56)         |
|  29  | (13, 1)    | A[ 14,4:8] | B[0,116:120] | (  8, 56)         |
|  30  | (14, 1)    | A[ 15,0:4] | B[0,120:124] | ( 16, 56)         |
|  31  | (15, 1)    | A[ 15,4:8] | B[0,124:128] | ( 24, 56)         |
+------+-----------+-------------+-------------+----------------+
* marks the selected thread/lane

+-------------------------------------------+
| K tile starting at k=0                    |
+-------------------------------------------+
| A load : row 0, cols [0, 1, 2, 3]         |
| B load : row 0, cols [0, 1, 2, 3]         |
| subA   : rowslot 0, colslots [0, 1, 2, 3] |
| subB   : linear slots [0, 1, 2, 3]        |
+-------------------------------------------+
subA local ASCII window
      k00 k01 k02 k03
      ------------------------
r000 |[   0]|[   1]|[   2]|[   3]|
r001 |  100 |  101 |  102 |  103 |
r002 |  200 |  201 |  202 |  203 |
selected thread writes the bracketed cells

subB local ASCII window
      n000 n001 n002 n003 n004 n005 n006 n007 n008 n009 n010 n011
      ------------------------------------------------------------------------------------
k00 |[    0]|[    1]|[    2]|[    3]|     4 |     5 |     6 |     7 |     8 |     9 |    10 |    11 |
selected thread writes the bracketed cells

+-----------------------------------------+
| kk=0  actual_k=0                        |
+-----------------------------------------+
| selected output patch top-left = (0, 0) |
| example: c[0,0] += 0 * 0 -> 0           |
| example: c[7,7] += 700 * 7 -> 4900      |
+-----------------------------------------+
regA[0]
+--------+--------+--------+--------+
|      0 |    100 |    200 |    300 |
+--------+--------+--------+--------+
regA[1]
+--------+--------+--------+--------+
|    400 |    500 |    600 |    700 |
+--------+--------+--------+--------+
regB[0]
+--------+--------+--------+--------+
|      0 |      1 |      2 |      3 |
+--------+--------+--------+--------+
regB[1]
+--------+--------+--------+--------+
|      4 |      5 |      6 |      7 |
+--------+--------+--------+--------+

+-----------------------------------------+
| kk=1  actual_k=1                        |
+-----------------------------------------+
| selected output patch top-left = (0, 0) |
| example: c[0,0] += 1 * 1000 -> 1000     |
| example: c[7,7] += 701 * 1007 -> 710807 |
+-----------------------------------------+
regA[0]
+--------+--------+--------+--------+
|      1 |    101 |    201 |    301 |
+--------+--------+--------+--------+
regA[1]
+--------+--------+--------+--------+
|    401 |    501 |    601 |    701 |
+--------+--------+--------+--------+
regB[0]
+--------+--------+--------+--------+
|   1000 |   1001 |   1002 |   1003 |
+--------+--------+--------+--------+
regB[1]
+--------+--------+--------+--------+
|   1004 |   1005 |   1006 |   1007 |
+--------+--------+--------+--------+

+------------------------------------------+
| kk=2  actual_k=2                         |
+------------------------------------------+
| selected output patch top-left = (0, 0)  |
| example: c[0,0] += 2 * 2000 -> 5000      |
| example: c[7,7] += 702 * 2007 -> 2119721 |
+------------------------------------------+
regA[0]
+--------+--------+--------+--------+
|      2 |    102 |    202 |    302 |
+--------+--------+--------+--------+
regA[1]
+--------+--------+--------+--------+
|    402 |    502 |    602 |    702 |
+--------+--------+--------+--------+
regB[0]
+--------+--------+--------+--------+
|   2000 |   2001 |   2002 |   2003 |
+--------+--------+--------+--------+
regB[1]
+--------+--------+--------+--------+
|   2004 |   2005 |   2006 |   2007 |
+--------+--------+--------+--------+

+------------------------------------------+
| kk=3  actual_k=3                         |
+------------------------------------------+
| selected output patch top-left = (0, 0)  |
| example: c[0,0] += 3 * 3000 -> 14000     |
| example: c[7,7] += 703 * 3007 -> 4233642 |
+------------------------------------------+
regA[0]
+--------+--------+--------+--------+
|      3 |    103 |    203 |    303 |
+--------+--------+--------+--------+
regA[1]
+--------+--------+--------+--------+
|    403 |    503 |    603 |    703 |
+--------+--------+--------+--------+
regB[0]
+--------+--------+--------+--------+
|   3000 |   3001 |   3002 |   3003 |
+--------+--------+--------+--------+
regB[1]
+--------+--------+--------+--------+
|   3004 |   3005 |   3006 |   3007 |
+--------+--------+--------+--------+

+------------------------------------------+
| kk=4  actual_k=4                         |
+------------------------------------------+
| selected output patch top-left = (0, 0)  |
| example: c[0,0] += 4 * 4000 -> 30000     |
| example: c[7,7] += 704 * 4007 -> 7054570 |
+------------------------------------------+
regA[0]
+--------+--------+--------+--------+
|      4 |    104 |    204 |    304 |
+--------+--------+--------+--------+
regA[1]
+--------+--------+--------+--------+
|    404 |    504 |    604 |    704 |
+--------+--------+--------+--------+
regB[0]
+--------+--------+--------+--------+
|   4000 |   4001 |   4002 |   4003 |
+--------+--------+--------+--------+
regB[1]
+--------+--------+--------+--------+
|   4004 |   4005 |   4006 |   4007 |
+--------+--------+--------+--------+

+-------------------------------------------+
| kk=5  actual_k=5                          |
+-------------------------------------------+
| selected output patch top-left = (0, 0)   |
| example: c[0,0] += 5 * 5000 -> 55000      |
| example: c[7,7] += 705 * 5007 -> 10584505 |
+-------------------------------------------+
regA[0]
+--------+--------+--------+--------+
|      5 |    105 |    205 |    305 |
+--------+--------+--------+--------+
regA[1]
+--------+--------+--------+--------+
|    405 |    505 |    605 |    705 |
+--------+--------+--------+--------+
regB[0]
+--------+--------+--------+--------+
|   5000 |   5001 |   5002 |   5003 |
+--------+--------+--------+--------+
regB[1]
+--------+--------+--------+--------+
|   5004 |   5005 |   5006 |   5007 |
+--------+--------+--------+--------+

+-------------------------------------------+
| kk=6  actual_k=6                          |
+-------------------------------------------+
| selected output patch top-left = (0, 0)   |
| example: c[0,0] += 6 * 6000 -> 91000      |
| example: c[7,7] += 706 * 6007 -> 14825447 |
+-------------------------------------------+
regA[0]
+--------+--------+--------+--------+
|      6 |    106 |    206 |    306 |
+--------+--------+--------+--------+
regA[1]
+--------+--------+--------+--------+
|    406 |    506 |    606 |    706 |
+--------+--------+--------+--------+
regB[0]
+--------+--------+--------+--------+
|   6000 |   6001 |   6002 |   6003 |
+--------+--------+--------+--------+
regB[1]
+--------+--------+--------+--------+
|   6004 |   6005 |   6006 |   6007 |
+--------+--------+--------+--------+

+-------------------------------------------+
| kk=7  actual_k=7                          |
+-------------------------------------------+
| selected output patch top-left = (0, 0)   |
| example: c[0,0] += 7 * 7000 -> 140000     |
| example: c[7,7] += 707 * 7007 -> 19779396 |
+-------------------------------------------+
regA[0]
+--------+--------+--------+--------+
|      7 |    107 |    207 |    307 |
+--------+--------+--------+--------+
regA[1]
+--------+--------+--------+--------+
|    407 |    507 |    607 |    707 |
+--------+--------+--------+--------+
regB[0]
+--------+--------+--------+--------+
|   7000 |   7001 |   7002 |   7003 |
+--------+--------+--------+--------+
regB[1]
+--------+--------+--------+--------+
|   7004 |   7005 |   7006 |   7007 |
+--------+--------+--------+--------+

8x8 register accumulator tile
      c0 c1 c2 c3 c4 c5 c6 c7
      ------------------------------------------------------------------------------------------------
r0 |    140000|    140028|    140056|    140084|    140112|    140140|    140168|    140196|
r1 |   2940000|   2940828|   2941656|   2942484|   2943312|   2944140|   2944968|   2945796|
r2 |   5740000|   5741628|   5743256|   5744884|   5746512|   5748140|   5749768|   5751396|
r3 |   8540000|   8542428|   8544856|   8547284|   8549712|   8552140|   8554568|   8556996|
r4 |  11340000|  11343228|  11346456|  11349684|  11352912|  11356140|  11359368|  11362596|
r5 |  14140000|  14144028|  14148056|  14152084|  14156112|  14160140|  14164168|  14168196|
r6 |  16940000|  16944828|  16949656|  16954484|  16959312|  16964140|  16968968|  16973796|
r7 |  19740000|  19745628|  19751256|  19756884|  19762512|  19768140|  19773768|  19779396|

+-------------------------------------------+
| K tile starting at k=8                    |
+-------------------------------------------+
| A load : row 0, cols [8, 9, 10, 11]       |
| B load : row 8, cols [0, 1, 2, 3]         |
| subA   : rowslot 0, colslots [0, 1, 2, 3] |
| subB   : linear slots [0, 1, 2, 3]        |
+-------------------------------------------+
subA local ASCII window
      k00 k01 k02 k03
      ------------------------
r000 |[   8]|[   9]|[  10]|[  11]|
r001 |  108 |  109 |  110 |  111 |
r002 |  208 |  209 |  210 |  211 |
selected thread writes the bracketed cells

subB local ASCII window
      n000 n001 n002 n003 n004 n005 n006 n007 n008 n009 n010 n011
      ------------------------------------------------------------------------------------
k00 |[ 8000]|[ 8001]|[ 8002]|[ 8003]|  8004 |  8005 |  8006 |  8007 |  8008 |  8009 |  8010 |  8011 |
selected thread writes the bracketed cells

+------------------------------------------+
| kk=0  actual_k=8                         |
+------------------------------------------+
| selected output patch top-left = (0, 0)  |
| example: c[0,0] += 8 * 8000 -> 64000     |
| example: c[7,7] += 708 * 8007 -> 5668956 |
+------------------------------------------+
regA[0]
+--------+--------+--------+--------+
|      8 |    108 |    208 |    308 |
+--------+--------+--------+--------+
regA[1]
+--------+--------+--------+--------+
|    408 |    508 |    608 |    708 |
+--------+--------+--------+--------+
regB[0]
+--------+--------+--------+--------+
|   8000 |   8001 |   8002 |   8003 |
+--------+--------+--------+--------+
regB[1]
+--------+--------+--------+--------+
|   8004 |   8005 |   8006 |   8007 |
+--------+--------+--------+--------+

+-------------------------------------------+
| kk=1  actual_k=9                          |
+-------------------------------------------+
| selected output patch top-left = (0, 0)   |
| example: c[0,0] += 9 * 9000 -> 145000     |
| example: c[7,7] += 709 * 9007 -> 12054919 |
+-------------------------------------------+
regA[0]
+--------+--------+--------+--------+
|      9 |    109 |    209 |    309 |
+--------+--------+--------+--------+
regA[1]
+--------+--------+--------+--------+
|    409 |    509 |    609 |    709 |
+--------+--------+--------+--------+
regB[0]
+--------+--------+--------+--------+
|   9000 |   9001 |   9002 |   9003 |
+--------+--------+--------+--------+
regB[1]
+--------+--------+--------+--------+
|   9004 |   9005 |   9006 |   9007 |
+--------+--------+--------+--------+

+--------------------------------------------+
| kk=2  actual_k=10                          |
+--------------------------------------------+
| selected output patch top-left = (0, 0)    |
| example: c[0,0] += 10 * 10000 -> 245000    |
| example: c[7,7] += 710 * 10007 -> 19159889 |
+--------------------------------------------+
regA[0]
+--------+--------+--------+--------+
|     10 |    110 |    210 |    310 |
+--------+--------+--------+--------+
regA[1]
+--------+--------+--------+--------+
|    410 |    510 |    610 |    710 |
+--------+--------+--------+--------+
regB[0]
+--------+--------+--------+--------+
|  10000 |  10001 |  10002 |  10003 |
+--------+--------+--------+--------+
regB[1]
+--------+--------+--------+--------+
|  10004 |  10005 |  10006 |  10007 |
+--------+--------+--------+--------+

+--------------------------------------------+
| kk=3  actual_k=11                          |
+--------------------------------------------+
| selected output patch top-left = (0, 0)    |
| example: c[0,0] += 11 * 11000 -> 366000    |
| example: c[7,7] += 711 * 11007 -> 26985866 |
+--------------------------------------------+
regA[0]
+--------+--------+--------+--------+
|     11 |    111 |    211 |    311 |
+--------+--------+--------+--------+
regA[1]
+--------+--------+--------+--------+
|    411 |    511 |    611 |    711 |
+--------+--------+--------+--------+
regB[0]
+--------+--------+--------+--------+
|  11000 |  11001 |  11002 |  11003 |
+--------+--------+--------+--------+
regB[1]
+--------+--------+--------+--------+
|  11004 |  11005 |  11006 |  11007 |
+--------+--------+--------+--------+

+--------------------------------------------+
| kk=4  actual_k=12                          |
+--------------------------------------------+
| selected output patch top-left = (0, 0)    |
| example: c[0,0] += 12 * 12000 -> 510000    |
| example: c[7,7] += 712 * 12007 -> 35534850 |
+--------------------------------------------+
regA[0]
+--------+--------+--------+--------+
|     12 |    112 |    212 |    312 |
+--------+--------+--------+--------+
regA[1]
+--------+--------+--------+--------+
|    412 |    512 |    612 |    712 |
+--------+--------+--------+--------+
regB[0]
+--------+--------+--------+--------+
|  12000 |  12001 |  12002 |  12003 |
+--------+--------+--------+--------+
regB[1]
+--------+--------+--------+--------+
|  12004 |  12005 |  12006 |  12007 |
+--------+--------+--------+--------+

+--------------------------------------------+
| kk=5  actual_k=13                          |
+--------------------------------------------+
| selected output patch top-left = (0, 0)    |
| example: c[0,0] += 13 * 13000 -> 679000    |
| example: c[7,7] += 713 * 13007 -> 44808841 |
+--------------------------------------------+
regA[0]
+--------+--------+--------+--------+
|     13 |    113 |    213 |    313 |
+--------+--------+--------+--------+
regA[1]
+--------+--------+--------+--------+
|    413 |    513 |    613 |    713 |
+--------+--------+--------+--------+
regB[0]
+--------+--------+--------+--------+
|  13000 |  13001 |  13002 |  13003 |
+--------+--------+--------+--------+
regB[1]
+--------+--------+--------+--------+
|  13004 |  13005 |  13006 |  13007 |
+--------+--------+--------+--------+

+--------------------------------------------+
| kk=6  actual_k=14                          |
+--------------------------------------------+
| selected output patch top-left = (0, 0)    |
| example: c[0,0] += 14 * 14000 -> 875000    |
| example: c[7,7] += 714 * 14007 -> 54809839 |
+--------------------------------------------+
regA[0]
+--------+--------+--------+--------+
|     14 |    114 |    214 |    314 |
+--------+--------+--------+--------+
regA[1]
+--------+--------+--------+--------+
|    414 |    514 |    614 |    714 |
+--------+--------+--------+--------+
regB[0]
+--------+--------+--------+--------+
|  14000 |  14001 |  14002 |  14003 |
+--------+--------+--------+--------+
regB[1]
+--------+--------+--------+--------+
|  14004 |  14005 |  14006 |  14007 |
+--------+--------+--------+--------+

+--------------------------------------------+
| kk=7  actual_k=15                          |
+--------------------------------------------+
| selected output patch top-left = (0, 0)    |
| example: c[0,0] += 15 * 15000 -> 1100000   |
| example: c[7,7] += 715 * 15007 -> 65539844 |
+--------------------------------------------+
regA[0]
+--------+--------+--------+--------+
|     15 |    115 |    215 |    315 |
+--------+--------+--------+--------+
regA[1]
+--------+--------+--------+--------+
|    415 |    515 |    615 |    715 |
+--------+--------+--------+--------+
regB[0]
+--------+--------+--------+--------+
|  15000 |  15001 |  15002 |  15003 |
+--------+--------+--------+--------+
regB[1]
+--------+--------+--------+--------+
|  15004 |  15005 |  15006 |  15007 |
+--------+--------+--------+--------+

8x8 register accumulator tile
      c0 c1 c2 c3 c4 c5 c6 c7
      ------------------------------------------------------------------------------------------------
r0 |   1100000|   1100092|   1100184|   1100276|   1100368|   1100460|   1100552|   1100644|
r1 |  10300000|  10300892|  10301784|  10302676|  10303568|  10304460|  10305352|  10306244|
r2 |  19500000|  19501692|  19503384|  19505076|  19506768|  19508460|  19510152|  19511844|
r3 |  28700000|  28702492|  28704984|  28707476|  28709968|  28712460|  28714952|  28717444|
r4 |  37900000|  37903292|  37906584|  37909876|  37913168|  37916460|  37919752|  37923044|
r5 |  47100000|  47104092|  47108184|  47112276|  47116368|  47120460|  47124552|  47128644|
r6 |  56300000|  56304892|  56309784|  56314676|  56319568|  56324460|  56329352|  56334244|
r7 |  65500000|  65505692|  65511384|  65517076|  65522768|  65528460|  65534152|  65539844|

Final global store ASCII map for selected thread
      left float4                right float4
+----+------------------------+------------------------+
| r0 | C[  0,  0:  4]        | C[  0,  4:  8]        |
| r1 | C[  1,  0:  4]        | C[  1,  4:  8]        |
| r2 | C[  2,  0:  4]        | C[  2,  4:  8]        |
| r3 | C[  3,  0:  4]        | C[  3,  4:  8]        |
| r4 | C[  4,  0:  4]        | C[  4,  4:  8]        |
| r5 | C[  5,  0:  4]        | C[  5,  4:  8]        |
| r6 | C[  6,  0:  4]        | C[  6,  4:  8]        |
| r7 | C[  7,  0:  4]        | C[  7,  4:  8]        |
+----+------------------------+------------------------+

